<?xml version="1.0" encoding="UTF-8"?>
<map>
	
	<mapdata>
		<name>TestLevel</name>
		<type>World</type>
		<texture>greenland</texture>
		<background>background</background>
	</mapdata>
	
	<structures>
		<structure>
			<name>ground</name>
			<positionx>0</positionx>
			<positiony>0</positiony>
			<width>70</width>
			<height>15</height>
			<textureregions>
				<region position="Top">grassMid</region>
				<region position="MiddleHorizontal">grassCenter</region>
				<region position="Bottom">grassCenter</region>
			</textureregions>
			<behavior>solid</behavior>
		</structure>
		<structure>
			<name>debug_box1</name>
			<positionx>4</positionx>
			<positiony>1</positiony>
			<width>1</width>
			<height>1</height>
			<textureregions>
				<region position="ALL">boxEmpty</region>
			</textureregions>
		</structure>
		<structure>
			<name>ladder1</name>
			<positionx>11</positionx>
			<positiony>1</positiony>
			<width>1</width>
			<height>1</height>
			<textureregions>
				<region position="Top">ladder_top</region>
				<region position="MiddleHorizontal">ladder_mid</region>
				<region position="Bottom">ladder_mid</region>
			</textureregions>
		</structure>
		<structure>
			<name>highground1</name>
			<positionx>12</positionx>
			<positiony>1</positiony>
			<width>12</width>
			<height>1</height>
			<textureregions>
				<region position="Top">castleMid</region>
				<region position="MiddleHorizontal">castleCenter</region>
				<region position="Bottom">castleCenter</region>
			</textureregions>
		</structure>
		<structure>
			<name>box1</name>
			<positionx>30</positionx>
			<positiony>1</positiony>
			<width>3</width>
			<height>1</height>
			<textureregions>
				<region position="ALL">boxAlt</region>
			</textureregions>
		</structure>
		<structure>
			<name>box2</name>
			<positionx>33</positionx>
			<positiony>2</positiony>
			<width>7</width>
			<height>2</height>
			<textureregions>
				<region position="Top">boxAlt</region>
				<region position="Bottom">boxEmpty</region>
			</textureregions>
		</structure>
		<structure>
			<name>box3</name>
			<positionx>40</positionx>
			<positiony>3</positiony>
			<width>3</width>
			<height>3</height>
			<textureregions>
				<region position="ALL">boxAlt</region>
			</textureregions>
		</structure>
		<structure>
			<name>box4</name>
			<positionx>43</positionx>
			<positiony>2</positiony>
			<width>1</width>
			<height>2</height>
			<textureregions>
				<region position="ALL">boxAlt</region>
			</textureregions>
		</structure>
		<structure>
			<name>box5</name>
			<positionx>44</positionx>
			<positiony>1</positiony>
			<width>1</width>
			<height>1</height>
			<textureregions>
				<region position="ALL">boxAlt</region>
			</textureregions>
		</structure>
		<structure>
			<name>minihighground1</name>
			<positionx>52</positionx>
			<positiony>1</positiony>
			<width>14</width>
			<height>1</height>
			<textureregions>
				<region position="Left">grassCliffLeftAlt</region>
				<region position="MiddleVertical">grassMid</region>
				<region position="Right">grassCliffRightAlt</region>
			</textureregions>
		</structure>
	</structures>
	
	<objects>
		
	</objects>
	
	<npcs>
		
	</npcs>
	
	<connections>
		<connection>
			<pathtomap>L02</pathtomap> <!-- store in "assets/mapdata/" -->
			<offsetx>70</offsetx>
			<offsety>0</offsety>
		</connection>
	</connections>
	
</map>